Archive member included to satisfy reference by file (symbol)

c:/program files (x86)/atmel/studio/7.0/toolchain/avr8/avr8-gnu-toolchain/bin/../lib/gcc/avr/5.4.0/avr5\libgcc.a(_divmodsi4.o)
                              HAL/LCD.o (__divmodsi4)
c:/program files (x86)/atmel/studio/7.0/toolchain/avr8/avr8-gnu-toolchain/bin/../lib/gcc/avr/5.4.0/avr5\libgcc.a(_negsi2.o)
                              c:/program files (x86)/atmel/studio/7.0/toolchain/avr8/avr8-gnu-toolchain/bin/../lib/gcc/avr/5.4.0/avr5\libgcc.a(_divmodsi4.o) (__negsi2)
c:/program files (x86)/atmel/studio/7.0/toolchain/avr8/avr8-gnu-toolchain/bin/../lib/gcc/avr/5.4.0/avr5\libgcc.a(_exit.o)
                              C:/Program Files (x86)/Atmel/Studio/7.0/Packs/atmel/ATmega_DFP/1.7.374/gcc/dev/atmega32/avr5/crtatmega32.o (exit)
c:/program files (x86)/atmel/studio/7.0/toolchain/avr8/avr8-gnu-toolchain/bin/../lib/gcc/avr/5.4.0/avr5\libgcc.a(_copy_data.o)
                              APP/LCD_Mang.o (__do_copy_data)
c:/program files (x86)/atmel/studio/7.0/toolchain/avr8/avr8-gnu-toolchain/bin/../lib/gcc/avr/5.4.0/avr5\libgcc.a(_clear_bss.o)
                              APP/LEDs_Mangment.o (__do_clear_bss)
c:/program files (x86)/atmel/studio/7.0/toolchain/avr8/avr8-gnu-toolchain/bin/../lib/gcc/avr/5.4.0/avr5\libgcc.a(_umulhisi3.o)
                              HAL/LCD.o (__umulhisi3)
c:/program files (x86)/atmel/studio/7.0/toolchain/avr8/avr8-gnu-toolchain/bin/../lib/gcc/avr/5.4.0/avr5\libgcc.a(_udivmodsi4.o)
                              c:/program files (x86)/atmel/studio/7.0/toolchain/avr8/avr8-gnu-toolchain/bin/../lib/gcc/avr/5.4.0/avr5\libgcc.a(_divmodsi4.o) (__udivmodsi4)

Discarded input sections

 .data          0x00000000        0x0 C:/Program Files (x86)/Atmel/Studio/7.0/Packs/atmel/ATmega_DFP/1.7.374/gcc/dev/atmega32/avr5/crtatmega32.o
 .bss           0x00000000        0x0 C:/Program Files (x86)/Atmel/Studio/7.0/Packs/atmel/ATmega_DFP/1.7.374/gcc/dev/atmega32/avr5/crtatmega32.o
 .text          0x00000000        0x0 APP/LCD_Mang.o
 .data          0x00000000        0x0 APP/LCD_Mang.o
 .bss           0x00000000        0x0 APP/LCD_Mang.o
 .text          0x00000000        0x0 APP/Pass_Mang.o
 .data          0x00000000        0x0 APP/Pass_Mang.o
 .bss           0x00000000        0x0 APP/Pass_Mang.o
 .text          0x00000000        0x0 APP/LEDs_Mangment.o
 .data          0x00000000        0x0 APP/LEDs_Mangment.o
 .bss           0x00000000        0x0 APP/LEDs_Mangment.o
 .text          0x00000000        0x0 HAL/KeyPad.o
 .data          0x00000000        0x0 HAL/KeyPad.o
 .bss           0x00000000        0x0 HAL/KeyPad.o
 .text          0x00000000        0x0 HAL/LCD.o
 .data          0x00000000        0x0 HAL/LCD.o
 .bss           0x00000000        0x0 HAL/LCD.o
 .text.LCD_WriteBinary
                0x00000000       0x2e HAL/LCD.o
 .text.LCD_ClearLoc
                0x00000000       0x20 HAL/LCD.o
 .text.LCD_WriteNumber_3D
                0x00000000      0x142 HAL/LCD.o
 .text.LCD_CustomChar
                0x00000000       0x3a HAL/LCD.o
 .text          0x00000000        0x0 MCAL/DIO.o
 .data          0x00000000        0x0 MCAL/DIO.o
 .bss           0x00000000        0x0 MCAL/DIO.o
 .text.DIO_WritePort
                0x00000000       0x20 MCAL/DIO.o
 .text          0x00000000        0x0 MCAL/DIO_Cfg.o
 .data          0x00000000        0x0 MCAL/DIO_Cfg.o
 .bss           0x00000000        0x0 MCAL/DIO_Cfg.o
 .text          0x00000000        0x0 MCAL/Timers.o
 .data          0x00000000        0x0 MCAL/Timers.o
 .bss           0x00000000        0x0 MCAL/Timers.o
 .text.TIMER0_Init
                0x00000000       0x54 MCAL/Timers.o
 .text.TIMER0_OC0Mode
                0x00000000       0x48 MCAL/Timers.o
 .text.TIMER0_OV_InterruptEnable
                0x00000000        0x8 MCAL/Timers.o
 .text.TIMER0_OV_InterruptDisable
                0x00000000        0x8 MCAL/Timers.o
 .text.TIMER0_OC_InterruptEnable
                0x00000000        0x8 MCAL/Timers.o
 .text.TIMER0_OC_InterruptDisable
                0x00000000        0x8 MCAL/Timers.o
 .text.Timer1_OCRB1Mode
                0x00000000       0x48 MCAL/Timers.o
 .text.Timer1_InputCaptureEdge
                0x00000000       0x18 MCAL/Timers.o
 .text.Timer1_ICU_InterruptEnable
                0x00000000        0x8 MCAL/Timers.o
 .text.Timer1_ICU_InterruptDisable
                0x00000000        0x8 MCAL/Timers.o
 .text.Timer1_OVF_InterruptEnable
                0x00000000        0x8 MCAL/Timers.o
 .text.Timer1_OVF_InterruptDisable
                0x00000000        0x8 MCAL/Timers.o
 .text.Timer1_OCA_InterruptDisable
                0x00000000        0x8 MCAL/Timers.o
 .text.Timer1_OCB_InterruptEnable
                0x00000000        0x8 MCAL/Timers.o
 .text.Timer1_OCB_InterruptDisable
                0x00000000        0x8 MCAL/Timers.o
 .text.Timer1_OVF_SetCallBack
                0x00000000        0xa MCAL/Timers.o
 .text.Timer1_OCB_SetCallBack
                0x00000000        0xa MCAL/Timers.o
 .text.Timer1_ICU_SetCallBack
                0x00000000        0xa MCAL/Timers.o
 .text          0x00000000        0x0 main.o
 .data          0x00000000        0x0 main.o
 .bss           0x00000000        0x0 main.o
 .text          0x00000000        0x0 SERVICES/PB_Mang.o
 .data          0x00000000        0x0 SERVICES/PB_Mang.o
 .bss           0x00000000        0x0 SERVICES/PB_Mang.o
 .text          0x00000000        0x0 SERVICES/Timer_Mang.o
 .data          0x00000000        0x0 SERVICES/Timer_Mang.o
 .bss           0x00000000        0x0 SERVICES/Timer_Mang.o
 .rodata.str1.1
                0x00000000        0xc SERVICES/Timer_Mang.o
 .text.LCD_Stat
                0x00000000       0x46 SERVICES/Timer_Mang.o
 .text          0x00000000        0x0 c:/program files (x86)/atmel/studio/7.0/toolchain/avr8/avr8-gnu-toolchain/bin/../lib/gcc/avr/5.4.0/avr5\libgcc.a(_divmodsi4.o)
 .data          0x00000000        0x0 c:/program files (x86)/atmel/studio/7.0/toolchain/avr8/avr8-gnu-toolchain/bin/../lib/gcc/avr/5.4.0/avr5\libgcc.a(_divmodsi4.o)
 .bss           0x00000000        0x0 c:/program files (x86)/atmel/studio/7.0/toolchain/avr8/avr8-gnu-toolchain/bin/../lib/gcc/avr/5.4.0/avr5\libgcc.a(_divmodsi4.o)
 .text.libgcc.mul
                0x00000000        0x0 c:/program files (x86)/atmel/studio/7.0/toolchain/avr8/avr8-gnu-toolchain/bin/../lib/gcc/avr/5.4.0/avr5\libgcc.a(_divmodsi4.o)
 .text.libgcc   0x00000000        0x0 c:/program files (x86)/atmel/studio/7.0/toolchain/avr8/avr8-gnu-toolchain/bin/../lib/gcc/avr/5.4.0/avr5\libgcc.a(_divmodsi4.o)
 .text.libgcc.prologue
                0x00000000        0x0 c:/program files (x86)/atmel/studio/7.0/toolchain/avr8/avr8-gnu-toolchain/bin/../lib/gcc/avr/5.4.0/avr5\libgcc.a(_divmodsi4.o)
 .text.libgcc.builtins
                0x00000000        0x0 c:/program files (x86)/atmel/studio/7.0/toolchain/avr8/avr8-gnu-toolchain/bin/../lib/gcc/avr/5.4.0/avr5\libgcc.a(_divmodsi4.o)
 .text.libgcc.fmul
                0x00000000        0x0 c:/program files (x86)/atmel/studio/7.0/toolchain/avr8/avr8-gnu-toolchain/bin/../lib/gcc/avr/5.4.0/avr5\libgcc.a(_divmodsi4.o)
 .text.libgcc.fixed
                0x00000000        0x0 c:/program files (x86)/atmel/studio/7.0/toolchain/avr8/avr8-gnu-toolchain/bin/../lib/gcc/avr/5.4.0/avr5\libgcc.a(_divmodsi4.o)
 .text          0x00000000        0x0 c:/program files (x86)/atmel/studio/7.0/toolchain/avr8/avr8-gnu-toolchain/bin/../lib/gcc/avr/5.4.0/avr5\libgcc.a(_negsi2.o)
 .data          0x00000000        0x0 c:/program files (x86)/atmel/studio/7.0/toolchain/avr8/avr8-gnu-toolchain/bin/../lib/gcc/avr/5.4.0/avr5\libgcc.a(_negsi2.o)
 .bss           0x00000000        0x0 c:/program files (x86)/atmel/studio/7.0/toolchain/avr8/avr8-gnu-toolchain/bin/../lib/gcc/avr/5.4.0/avr5\libgcc.a(_negsi2.o)
 .text.libgcc.mul
                0x00000000        0x0 c:/program files (x86)/atmel/studio/7.0/toolchain/avr8/avr8-gnu-toolchain/bin/../lib/gcc/avr/5.4.0/avr5\libgcc.a(_negsi2.o)
 .text.libgcc   0x00000000        0x0 c:/program files (x86)/atmel/studio/7.0/toolchain/avr8/avr8-gnu-toolchain/bin/../lib/gcc/avr/5.4.0/avr5\libgcc.a(_negsi2.o)
 .text.libgcc.prologue
                0x00000000        0x0 c:/program files (x86)/atmel/studio/7.0/toolchain/avr8/avr8-gnu-toolchain/bin/../lib/gcc/avr/5.4.0/avr5\libgcc.a(_negsi2.o)
 .text.libgcc.builtins
                0x00000000        0x0 c:/program files (x86)/atmel/studio/7.0/toolchain/avr8/avr8-gnu-toolchain/bin/../lib/gcc/avr/5.4.0/avr5\libgcc.a(_negsi2.o)
 .text.libgcc.fmul
                0x00000000        0x0 c:/program files (x86)/atmel/studio/7.0/toolchain/avr8/avr8-gnu-toolchain/bin/../lib/gcc/avr/5.4.0/avr5\libgcc.a(_negsi2.o)
 .text.libgcc.fixed
                0x00000000        0x0 c:/program files (x86)/atmel/studio/7.0/toolchain/avr8/avr8-gnu-toolchain/bin/../lib/gcc/avr/5.4.0/avr5\libgcc.a(_negsi2.o)
 .text          0x00000000        0x0 c:/program files (x86)/atmel/studio/7.0/toolchain/avr8/avr8-gnu-toolchain/bin/../lib/gcc/avr/5.4.0/avr5\libgcc.a(_exit.o)
 .data          0x00000000        0x0 c:/program files (x86)/atmel/studio/7.0/toolchain/avr8/avr8-gnu-toolchain/bin/../lib/gcc/avr/5.4.0/avr5\libgcc.a(_exit.o)
 .bss           0x00000000        0x0 c:/program files (x86)/atmel/studio/7.0/toolchain/avr8/avr8-gnu-toolchain/bin/../lib/gcc/avr/5.4.0/avr5\libgcc.a(_exit.o)
 .text.libgcc.mul
                0x00000000        0x0 c:/program files (x86)/atmel/studio/7.0/toolchain/avr8/avr8-gnu-toolchain/bin/../lib/gcc/avr/5.4.0/avr5\libgcc.a(_exit.o)
 .text.libgcc.div
                0x00000000        0x0 c:/program files (x86)/atmel/studio/7.0/toolchain/avr8/avr8-gnu-toolchain/bin/../lib/gcc/avr/5.4.0/avr5\libgcc.a(_exit.o)
 .text.libgcc   0x00000000        0x0 c:/program files (x86)/atmel/studio/7.0/toolchain/avr8/avr8-gnu-toolchain/bin/../lib/gcc/avr/5.4.0/avr5\libgcc.a(_exit.o)
 .text.libgcc.prologue
                0x00000000        0x0 c:/program files (x86)/atmel/studio/7.0/toolchain/avr8/avr8-gnu-toolchain/bin/../lib/gcc/avr/5.4.0/avr5\libgcc.a(_exit.o)
 .text.libgcc.builtins
                0x00000000        0x0 c:/program files (x86)/atmel/studio/7.0/toolchain/avr8/avr8-gnu-toolchain/bin/../lib/gcc/avr/5.4.0/avr5\libgcc.a(_exit.o)
 .text.libgcc.fmul
                0x00000000        0x0 c:/program files (x86)/atmel/studio/7.0/toolchain/avr8/avr8-gnu-toolchain/bin/../lib/gcc/avr/5.4.0/avr5\libgcc.a(_exit.o)
 .text.libgcc.fixed
                0x00000000        0x0 c:/program files (x86)/atmel/studio/7.0/toolchain/avr8/avr8-gnu-toolchain/bin/../lib/gcc/avr/5.4.0/avr5\libgcc.a(_exit.o)
 .text          0x00000000        0x0 c:/program files (x86)/atmel/studio/7.0/toolchain/avr8/avr8-gnu-toolchain/bin/../lib/gcc/avr/5.4.0/avr5\libgcc.a(_copy_data.o)
 .data          0x00000000        0x0 c:/program files (x86)/atmel/studio/7.0/toolchain/avr8/avr8-gnu-toolchain/bin/../lib/gcc/avr/5.4.0/avr5\libgcc.a(_copy_data.o)
 .bss           0x00000000        0x0 c:/program files (x86)/atmel/studio/7.0/toolchain/avr8/avr8-gnu-toolchain/bin/../lib/gcc/avr/5.4.0/avr5\libgcc.a(_copy_data.o)
 .text.libgcc.mul
                0x00000000        0x0 c:/program files (x86)/atmel/studio/7.0/toolchain/avr8/avr8-gnu-toolchain/bin/../lib/gcc/avr/5.4.0/avr5\libgcc.a(_copy_data.o)
 .text.libgcc.div
                0x00000000        0x0 c:/program files (x86)/atmel/studio/7.0/toolchain/avr8/avr8-gnu-toolchain/bin/../lib/gcc/avr/5.4.0/avr5\libgcc.a(_copy_data.o)
 .text.libgcc   0x00000000        0x0 c:/program files (x86)/atmel/studio/7.0/toolchain/avr8/avr8-gnu-toolchain/bin/../lib/gcc/avr/5.4.0/avr5\libgcc.a(_copy_data.o)
 .text.libgcc.prologue
                0x00000000        0x0 c:/program files (x86)/atmel/studio/7.0/toolchain/avr8/avr8-gnu-toolchain/bin/../lib/gcc/avr/5.4.0/avr5\libgcc.a(_copy_data.o)
 .text.libgcc.builtins
                0x00000000        0x0 c:/program files (x86)/atmel/studio/7.0/toolchain/avr8/avr8-gnu-toolchain/bin/../lib/gcc/avr/5.4.0/avr5\libgcc.a(_copy_data.o)
 .text.libgcc.fmul
                0x00000000        0x0 c:/program files (x86)/atmel/studio/7.0/toolchain/avr8/avr8-gnu-toolchain/bin/../lib/gcc/avr/5.4.0/avr5\libgcc.a(_copy_data.o)
 .text.libgcc.fixed
                0x00000000        0x0 c:/program files (x86)/atmel/studio/7.0/toolchain/avr8/avr8-gnu-toolchain/bin/../lib/gcc/avr/5.4.0/avr5\libgcc.a(_copy_data.o)
 .text          0x00000000        0x0 c:/program files (x86)/atmel/studio/7.0/toolchain/avr8/avr8-gnu-toolchain/bin/../lib/gcc/avr/5.4.0/avr5\libgcc.a(_clear_bss.o)
 .data          0x00000000        0x0 c:/program files (x86)/atmel/studio/7.0/toolchain/avr8/avr8-gnu-toolchain/bin/../lib/gcc/avr/5.4.0/avr5\libgcc.a(_clear_bss.o)
 .bss           0x00000000        0x0 c:/program files (x86)/atmel/studio/7.0/toolchain/avr8/avr8-gnu-toolchain/bin/../lib/gcc/avr/5.4.0/avr5\libgcc.a(_clear_bss.o)
 .text.libgcc.mul
                0x00000000        0x0 c:/program files (x86)/atmel/studio/7.0/toolchain/avr8/avr8-gnu-toolchain/bin/../lib/gcc/avr/5.4.0/avr5\libgcc.a(_clear_bss.o)
 .text.libgcc.div
                0x00000000        0x0 c:/program files (x86)/atmel/studio/7.0/toolchain/avr8/avr8-gnu-toolchain/bin/../lib/gcc/avr/5.4.0/avr5\libgcc.a(_clear_bss.o)
 .text.libgcc   0x00000000        0x0 c:/program files (x86)/atmel/studio/7.0/toolchain/avr8/avr8-gnu-toolchain/bin/../lib/gcc/avr/5.4.0/avr5\libgcc.a(_clear_bss.o)
 .text.libgcc.prologue
                0x00000000        0x0 c:/program files (x86)/atmel/studio/7.0/toolchain/avr8/avr8-gnu-toolchain/bin/../lib/gcc/avr/5.4.0/avr5\libgcc.a(_clear_bss.o)
 .text.libgcc.builtins
                0x00000000        0x0 c:/program files (x86)/atmel/studio/7.0/toolchain/avr8/avr8-gnu-toolchain/bin/../lib/gcc/avr/5.4.0/avr5\libgcc.a(_clear_bss.o)
 .text.libgcc.fmul
                0x00000000        0x0 c:/program files (x86)/atmel/studio/7.0/toolchain/avr8/avr8-gnu-toolchain/bin/../lib/gcc/avr/5.4.0/avr5\libgcc.a(_clear_bss.o)
 .text.libgcc.fixed
                0x00000000        0x0 c:/program files (x86)/atmel/studio/7.0/toolchain/avr8/avr8-gnu-toolchain/bin/../lib/gcc/avr/5.4.0/avr5\libgcc.a(_clear_bss.o)
 .text          0x00000000        0x0 c:/program files (x86)/atmel/studio/7.0/toolchain/avr8/avr8-gnu-toolchain/bin/../lib/gcc/avr/5.4.0/avr5\libgcc.a(_umulhisi3.o)
 .data          0x00000000        0x0 c:/program files (x86)/atmel/studio/7.0/toolchain/avr8/avr8-gnu-toolchain/bin/../lib/gcc/avr/5.4.0/avr5\libgcc.a(_umulhisi3.o)
 .bss           0x00000000        0x0 c:/program files (x86)/atmel/studio/7.0/toolchain/avr8/avr8-gnu-toolchain/bin/../lib/gcc/avr/5.4.0/avr5\libgcc.a(_umulhisi3.o)
 .text.libgcc.mul
                0x00000000       0x1e c:/program files (x86)/atmel/studio/7.0/toolchain/avr8/avr8-gnu-toolchain/bin/../lib/gcc/avr/5.4.0/avr5\libgcc.a(_umulhisi3.o)
 .text.libgcc.div
                0x00000000        0x0 c:/program files (x86)/atmel/studio/7.0/toolchain/avr8/avr8-gnu-toolchain/bin/../lib/gcc/avr/5.4.0/avr5\libgcc.a(_umulhisi3.o)
 .text.libgcc   0x00000000        0x0 c:/program files (x86)/atmel/studio/7.0/toolchain/avr8/avr8-gnu-toolchain/bin/../lib/gcc/avr/5.4.0/avr5\libgcc.a(_umulhisi3.o)
 .text.libgcc.prologue
                0x00000000        0x0 c:/program files (x86)/atmel/studio/7.0/toolchain/avr8/avr8-gnu-toolchain/bin/../lib/gcc/avr/5.4.0/avr5\libgcc.a(_umulhisi3.o)
 .text.libgcc.builtins
                0x00000000        0x0 c:/program files (x86)/atmel/studio/7.0/toolchain/avr8/avr8-gnu-toolchain/bin/../lib/gcc/avr/5.4.0/avr5\libgcc.a(_umulhisi3.o)
 .text.libgcc.fmul
                0x00000000        0x0 c:/program files (x86)/atmel/studio/7.0/toolchain/avr8/avr8-gnu-toolchain/bin/../lib/gcc/avr/5.4.0/avr5\libgcc.a(_umulhisi3.o)
 .text.libgcc.fixed
                0x00000000        0x0 c:/program files (x86)/atmel/studio/7.0/toolchain/avr8/avr8-gnu-toolchain/bin/../lib/gcc/avr/5.4.0/avr5\libgcc.a(_umulhisi3.o)
 .text          0x00000000        0x0 c:/program files (x86)/atmel/studio/7.0/toolchain/avr8/avr8-gnu-toolchain/bin/../lib/gcc/avr/5.4.0/avr5\libgcc.a(_udivmodsi4.o)
 .data          0x00000000        0x0 c:/program files (x86)/atmel/studio/7.0/toolchain/avr8/avr8-gnu-toolchain/bin/../lib/gcc/avr/5.4.0/avr5\libgcc.a(_udivmodsi4.o)
 .bss           0x00000000        0x0 c:/program files (x86)/atmel/studio/7.0/toolchain/avr8/avr8-gnu-toolchain/bin/../lib/gcc/avr/5.4.0/avr5\libgcc.a(_udivmodsi4.o)
 .text.libgcc.mul
                0x00000000        0x0 c:/program files (x86)/atmel/studio/7.0/toolchain/avr8/avr8-gnu-toolchain/bin/../lib/gcc/avr/5.4.0/avr5\libgcc.a(_udivmodsi4.o)
 .text.libgcc   0x00000000        0x0 c:/program files (x86)/atmel/studio/7.0/toolchain/avr8/avr8-gnu-toolchain/bin/../lib/gcc/avr/5.4.0/avr5\libgcc.a(_udivmodsi4.o)
 .text.libgcc.prologue
                0x00000000        0x0 c:/program files (x86)/atmel/studio/7.0/toolchain/avr8/avr8-gnu-toolchain/bin/../lib/gcc/avr/5.4.0/avr5\libgcc.a(_udivmodsi4.o)
 .text.libgcc.builtins
                0x00000000        0x0 c:/program files (x86)/atmel/studio/7.0/toolchain/avr8/avr8-gnu-toolchain/bin/../lib/gcc/avr/5.4.0/avr5\libgcc.a(_udivmodsi4.o)
 .text.libgcc.fmul
                0x00000000        0x0 c:/program files (x86)/atmel/studio/7.0/toolchain/avr8/avr8-gnu-toolchain/bin/../lib/gcc/avr/5.4.0/avr5\libgcc.a(_udivmodsi4.o)
 .text.libgcc.fixed
                0x00000000        0x0 c:/program files (x86)/atmel/studio/7.0/toolchain/avr8/avr8-gnu-toolchain/bin/../lib/gcc/avr/5.4.0/avr5\libgcc.a(_udivmodsi4.o)

Memory Configuration

Name             Origin             Length             Attributes
text             0x00000000         0x00008000         xr
data             0x00800060         0x00000800         rw !x
eeprom           0x00810000         0x00000400         rw !x
fuse             0x00820000         0x00000002         rw !x
lock             0x00830000         0x00000400         rw !x
signature        0x00840000         0x00000400         rw !x
user_signatures  0x00850000         0x00000400         rw !x
*default*        0x00000000         0xffffffff

Linker script and memory map

LOAD C:/Program Files (x86)/Atmel/Studio/7.0/Packs/atmel/ATmega_DFP/1.7.374/gcc/dev/atmega32/avr5/crtatmega32.o
LOAD APP/LCD_Mang.o
LOAD APP/Pass_Mang.o
LOAD APP/LEDs_Mangment.o
LOAD HAL/KeyPad.o
LOAD HAL/LCD.o
LOAD MCAL/DIO.o
LOAD MCAL/DIO_Cfg.o
LOAD MCAL/Timers.o
LOAD main.o
LOAD SERVICES/PB_Mang.o
LOAD SERVICES/Timer_Mang.o
START GROUP
LOAD c:/program files (x86)/atmel/studio/7.0/toolchain/avr8/avr8-gnu-toolchain/bin/../lib/gcc/avr/5.4.0/../../../../avr/lib/avr5\libm.a
END GROUP
START GROUP
LOAD c:/program files (x86)/atmel/studio/7.0/toolchain/avr8/avr8-gnu-toolchain/bin/../lib/gcc/avr/5.4.0/avr5\libgcc.a
LOAD c:/program files (x86)/atmel/studio/7.0/toolchain/avr8/avr8-gnu-toolchain/bin/../lib/gcc/avr/5.4.0/../../../../avr/lib/avr5\libm.a
LOAD c:/program files (x86)/atmel/studio/7.0/toolchain/avr8/avr8-gnu-toolchain/bin/../lib/gcc/avr/5.4.0/../../../../avr/lib/avr5\libc.a
LOAD C:/Program Files (x86)/Atmel/Studio/7.0/Packs/atmel/ATmega_DFP/1.7.374/gcc/dev/atmega32/avr5\libatmega32.a
END GROUP
                0x00000000                __TEXT_REGION_ORIGIN__ = DEFINED (__TEXT_REGION_ORIGIN__)?__TEXT_REGION_ORIGIN__:0x0
                [0x00800060]                __DATA_REGION_ORIGIN__ = DEFINED (__DATA_REGION_ORIGIN__)?__DATA_REGION_ORIGIN__:0x800060
                [0x00008000]                __TEXT_REGION_LENGTH__ = DEFINED (__TEXT_REGION_LENGTH__)?__TEXT_REGION_LENGTH__:0x20000
                [0x00000800]                __DATA_REGION_LENGTH__ = DEFINED (__DATA_REGION_LENGTH__)?__DATA_REGION_LENGTH__:0xffa0
                [0x00000400]                __EEPROM_REGION_LENGTH__ = DEFINED (__EEPROM_REGION_LENGTH__)?__EEPROM_REGION_LENGTH__:0x10000
                [0x00000002]                __FUSE_REGION_LENGTH__ = DEFINED (__FUSE_REGION_LENGTH__)?__FUSE_REGION_LENGTH__:0x400
                0x00000400                __LOCK_REGION_LENGTH__ = DEFINED (__LOCK_REGION_LENGTH__)?__LOCK_REGION_LENGTH__:0x400
                0x00000400                __SIGNATURE_REGION_LENGTH__ = DEFINED (__SIGNATURE_REGION_LENGTH__)?__SIGNATURE_REGION_LENGTH__:0x400
                0x00000400                __USER_SIGNATURE_REGION_LENGTH__ = DEFINED (__USER_SIGNATURE_REGION_LENGTH__)?__USER_SIGNATURE_REGION_LENGTH__:0x400

.hash
 *(.hash)

.dynsym
 *(.dynsym)

.dynstr
 *(.dynstr)

.gnu.version
 *(.gnu.version)

.gnu.version_d
 *(.gnu.version_d)

.gnu.version_r
 *(.gnu.version_r)

.rel.init
 *(.rel.init)

.rela.init
 *(.rela.init)

.rel.text
 *(.rel.text)
 *(.rel.text.*)
 *(.rel.gnu.linkonce.t*)

.rela.text
 *(.rela.text)
 *(.rela.text.*)
 *(.rela.gnu.linkonce.t*)

.rel.fini
 *(.rel.fini)

.rela.fini
 *(.rela.fini)

.rel.rodata
 *(.rel.rodata)
 *(.rel.rodata.*)
 *(.rel.gnu.linkonce.r*)

.rela.rodata
 *(.rela.rodata)
 *(.rela.rodata.*)
 *(.rela.gnu.linkonce.r*)

.rel.data
 *(.rel.data)
 *(.rel.data.*)
 *(.rel.gnu.linkonce.d*)

.rela.data
 *(.rela.data)
 *(.rela.data.*)
 *(.rela.gnu.linkonce.d*)

.rel.ctors
 *(.rel.ctors)

.rela.ctors
 *(.rela.ctors)

.rel.dtors
 *(.rel.dtors)

.rela.dtors
 *(.rela.dtors)

.rel.got
 *(.rel.got)

.rela.got
 *(.rela.got)

.rel.bss
 *(.rel.bss)

.rela.bss
 *(.rela.bss)

.rel.plt
 *(.rel.plt)

.rela.plt
 *(.rela.plt)

.text           0x00000000     0x1086
 *(.vectors)
 .vectors       0x00000000       0x54 C:/Program Files (x86)/Atmel/Studio/7.0/Packs/atmel/ATmega_DFP/1.7.374/gcc/dev/atmega32/avr5/crtatmega32.o
                0x00000000                __vector_default
                0x00000000                __vectors
 *(.vectors)
 *(.progmem.gcc*)
                0x00000054                . = ALIGN (0x2)
                0x00000054                __trampolines_start = .
 *(.trampolines)
 .trampolines   0x00000054        0x0 linker stubs
 *(.trampolines*)
                0x00000054                __trampolines_end = .
 *libprintf_flt.a:*(.progmem.data)
 *libc.a:*(.progmem.data)
 *(.progmem*)
                0x00000054                . = ALIGN (0x2)
 *(.jumptables)
 *(.jumptables*)
 *(.lowtext)
 *(.lowtext*)
                0x00000054                __ctors_start = .
 *(.ctors)
                0x00000054                __ctors_end = .
                0x00000054                __dtors_start = .
 *(.dtors)
                0x00000054                __dtors_end = .
 SORT(*)(.ctors)
 SORT(*)(.dtors)
 *(.init0)
 .init0         0x00000054        0x0 C:/Program Files (x86)/Atmel/Studio/7.0/Packs/atmel/ATmega_DFP/1.7.374/gcc/dev/atmega32/avr5/crtatmega32.o
                0x00000054                __init
 *(.init0)
 *(.init1)
 *(.init1)
 *(.init2)
 .init2         0x00000054        0xc C:/Program Files (x86)/Atmel/Studio/7.0/Packs/atmel/ATmega_DFP/1.7.374/gcc/dev/atmega32/avr5/crtatmega32.o
 *(.init2)
 *(.init3)
 *(.init3)
 *(.init4)
 .init4         0x00000060       0x16 c:/program files (x86)/atmel/studio/7.0/toolchain/avr8/avr8-gnu-toolchain/bin/../lib/gcc/avr/5.4.0/avr5\libgcc.a(_copy_data.o)
                0x00000060                __do_copy_data
 .init4         0x00000076       0x10 c:/program files (x86)/atmel/studio/7.0/toolchain/avr8/avr8-gnu-toolchain/bin/../lib/gcc/avr/5.4.0/avr5\libgcc.a(_clear_bss.o)
                0x00000076                __do_clear_bss
 *(.init4)
 *(.init5)
 *(.init5)
 *(.init6)
 *(.init6)
 *(.init7)
 *(.init7)
 *(.init8)
 *(.init8)
 *(.init9)
 .init9         0x00000086        0x8 C:/Program Files (x86)/Atmel/Studio/7.0/Packs/atmel/ATmega_DFP/1.7.374/gcc/dev/atmega32/avr5/crtatmega32.o
 *(.init9)
 *(.text)
 .text          0x0000008e        0x4 C:/Program Files (x86)/Atmel/Studio/7.0/Packs/atmel/ATmega_DFP/1.7.374/gcc/dev/atmega32/avr5/crtatmega32.o
                0x0000008e                __vector_1
                0x0000008e                __vector_12
                0x0000008e                __bad_interrupt
                0x0000008e                __vector_3
                0x0000008e                __vector_11
                0x0000008e                __vector_13
                0x0000008e                __vector_17
                0x0000008e                __vector_19
                0x0000008e                __vector_5
                0x0000008e                __vector_4
                0x0000008e                __vector_2
                0x0000008e                __vector_15
                0x0000008e                __vector_14
                0x0000008e                __vector_10
                0x0000008e                __vector_16
                0x0000008e                __vector_18
                0x0000008e                __vector_20
                0x00000092                . = ALIGN (0x2)
 *(.text.*)
 .text.LCD_Mang
                0x00000092       0x94 APP/LCD_Mang.o
                0x00000092                LCD_Mang
 .text.LCD_Welcome
                0x00000126       0x96 APP/Pass_Mang.o
                0x00000126                LCD_Welcome
 .text.Password_Mangment
                0x000001bc       0x54 APP/Pass_Mang.o
                0x000001bc                Password_Mangment
 .text.Password_Scan
                0x00000210       0xac APP/Pass_Mang.o
                0x00000210                Password_Scan
 .text.LEDs_PeriodicCheck
                0x000002bc       0x3c APP/LEDs_Mangment.o
                0x000002bc                LEDs_PeriodicCheck
 .text.KEYPAD_Init
                0x000002f8       0x22 HAL/KeyPad.o
                0x000002f8                KEYPAD_Init
 .text.KEYPAD_GetKey
                0x0000031a       0x78 HAL/KeyPad.o
                0x0000031a                KEYPAD_GetKey
 .text.WriteIns
                0x00000392       0xc0 HAL/LCD.o
 .text.WriteData
                0x00000452       0xc0 HAL/LCD.o
 .text.LCD_Init
                0x00000512       0x3e HAL/LCD.o
                0x00000512                LCD_Init
 .text.LCD_WriteChar
                0x00000550        0x6 HAL/LCD.o
                0x00000550                LCD_WriteChar
 .text.LCD_WriteString
                0x00000556       0x26 HAL/LCD.o
                0x00000556                LCD_WriteString
 .text.LCD_SetCursor
                0x0000057c       0x38 HAL/LCD.o
                0x0000057c                LCD_SetCursor
 .text.LCD_Clear
                0x000005b4       0x14 HAL/LCD.o
                0x000005b4                LCD_Clear
 .text.LCD_WriteNumber
                0x000005c8       0xc2 HAL/LCD.o
                0x000005c8                LCD_WriteNumber
 .text.DIO_InitPin
                0x0000068a      0x1fa MCAL/DIO.o
 .text.DIO_Init
                0x00000884       0x20 MCAL/DIO.o
                0x00000884                DIO_Init
 .text.DIO_WritePin
                0x000008a4      0x10a MCAL/DIO.o
                0x000008a4                DIO_WritePin
 .text.DIO_ReadPin
                0x000009ae       0x70 MCAL/DIO.o
                0x000009ae                DIO_ReadPin
 .text.DIO_TogglePin
                0x00000a1e       0x82 MCAL/DIO.o
                0x00000a1e                DIO_TogglePin
 .text.Timer1_Init
                0x00000aa0       0xa8 MCAL/Timers.o
                0x00000aa0                Timer1_Init
 .text.Timer1_OCRA1Mode
                0x00000b48       0x48 MCAL/Timers.o
                0x00000b48                Timer1_OCRA1Mode
 .text.Timer1_OCA_InterruptEnable
                0x00000b90        0x8 MCAL/Timers.o
                0x00000b90                Timer1_OCA_InterruptEnable
 .text.Timer1_OCA_SetCallBack
                0x00000b98        0xa MCAL/Timers.o
                0x00000b98                Timer1_OCA_SetCallBack
 .text.__vector_9
                0x00000ba2       0x52 MCAL/Timers.o
                0x00000ba2                __vector_9
 .text.__vector_7
                0x00000bf4       0x52 MCAL/Timers.o
                0x00000bf4                __vector_7
 .text.__vector_8
                0x00000c46       0x52 MCAL/Timers.o
                0x00000c46                __vector_8
 .text.__vector_6
                0x00000c98       0x52 MCAL/Timers.o
                0x00000c98                __vector_6
 .text.main     0x00000cea       0x3e main.o
                0x00000cea                main
 .text.Yellow_left
                0x00000d28       0x50 SERVICES/PB_Mang.o
                0x00000d28                Yellow_left
 .text.Yellow_Right
                0x00000d78       0x50 SERVICES/PB_Mang.o
                0x00000d78                Yellow_Right
 .text.Red_Front
                0x00000dc8       0x50 SERVICES/PB_Mang.o
                0x00000dc8                Red_Front
 .text.Red_Back
                0x00000e18       0x50 SERVICES/PB_Mang.o
                0x00000e18                Red_Back
 .text.LEDs_Mang
                0x00000e68       0x16 SERVICES/PB_Mang.o
                0x00000e68                LEDs_Mang
 .text.PB_TimeCounter_RoutineSelect
                0x00000e7e       0x72 SERVICES/Timer_Mang.o
                0x00000e7e                PB_TimeCounter_RoutineSelect
 .text.LED_Flashing_ExecuteRoutine2
                0x00000ef0       0x6a SERVICES/Timer_Mang.o
                0x00000ef0                LED_Flashing_ExecuteRoutine2
 .text.PB_Timer_Mang
                0x00000f5a       0xa6 SERVICES/Timer_Mang.o
                0x00000f5a                PB_Timer_Mang
 .text.libgcc.div
                0x00001000       0x2e c:/program files (x86)/atmel/studio/7.0/toolchain/avr8/avr8-gnu-toolchain/bin/../lib/gcc/avr/5.4.0/avr5\libgcc.a(_divmodsi4.o)
                0x00001000                __divmodsi4
 .text.libgcc.div
                0x0000102e       0x10 c:/program files (x86)/atmel/studio/7.0/toolchain/avr8/avr8-gnu-toolchain/bin/../lib/gcc/avr/5.4.0/avr5\libgcc.a(_negsi2.o)
                0x0000102e                __negsi2
 .text.libgcc.div
                0x0000103e       0x44 c:/program files (x86)/atmel/studio/7.0/toolchain/avr8/avr8-gnu-toolchain/bin/../lib/gcc/avr/5.4.0/avr5\libgcc.a(_udivmodsi4.o)
                0x0000103e                __udivmodsi4
                0x00001082                . = ALIGN (0x2)
 *(.fini9)
 .fini9         0x00001082        0x0 c:/program files (x86)/atmel/studio/7.0/toolchain/avr8/avr8-gnu-toolchain/bin/../lib/gcc/avr/5.4.0/avr5\libgcc.a(_exit.o)
                0x00001082                _exit
                0x00001082                exit
 *(.fini9)
 *(.fini8)
 *(.fini8)
 *(.fini7)
 *(.fini7)
 *(.fini6)
 *(.fini6)
 *(.fini5)
 *(.fini5)
 *(.fini4)
 *(.fini4)
 *(.fini3)
 *(.fini3)
 *(.fini2)
 *(.fini2)
 *(.fini1)
 *(.fini1)
 *(.fini0)
 .fini0         0x00001082        0x4 c:/program files (x86)/atmel/studio/7.0/toolchain/avr8/avr8-gnu-toolchain/bin/../lib/gcc/avr/5.4.0/avr5\libgcc.a(_exit.o)
 *(.fini0)
                0x00001086                _etext = .

.data           0x00800060       0xda load address 0x00001086
                0x00800060                PROVIDE (__data_start, .)
 *(.data)
 *(.data*)
 .data.LED_Pins
                0x00800060        0x4 APP/LEDs_Mangment.o
                0x00800060                LED_Pins
 .data.PB_Pins  0x00800064        0x4 APP/LEDs_Mangment.o
                0x00800064                PB_Pins
 .data.LEDS_Arr
                0x00800068        0x8 SERVICES/PB_Mang.o
                0x00800068                LEDS_Arr
 *(.gnu.linkonce.d*)
 *(.rodata)
 *(.rodata*)
 .rodata.str1.1
                0x00800070       0x3b APP/LCD_Mang.o
 .rodata.str1.1
                0x008000ab       0x62 APP/Pass_Mang.o
 .rodata.KeysArray
                0x0080010d        0xc HAL/KeyPad.o
                0x0080010d                KeysArray
 .rodata.PinsStatusArray
                0x00800119       0x20 MCAL/DIO_Cfg.o
                0x00800119                PinsStatusArray
 *(.gnu.linkonce.r*)
                0x0080013a                . = ALIGN (0x2)
 *fill*         0x00800139        0x1 
                0x0080013a                _edata = .
                0x0080013a                PROVIDE (__data_end, .)

.bss            0x0080013a       0x28
                0x0080013a                PROVIDE (__bss_start, .)
 *(.bss)
 *(.bss*)
 .bss.ON_flag_Index
                0x0080013a        0x4 APP/LEDs_Mangment.o
                0x0080013a                ON_flag_Index
 .bss.Timer1_ICU_Fptr
                0x0080013e        0x2 MCAL/Timers.o
 .bss.Timer1_OCB_Fptr
                0x00800140        0x2 MCAL/Timers.o
 .bss.Timer1_OCA_Fptr
                0x00800142        0x2 MCAL/Timers.o
 .bss.Timer1_OVF_Fptr
                0x00800144        0x2 MCAL/Timers.o
 .bss.press_count.1703
                0x00800146        0x1 SERVICES/PB_Mang.o
 .bss.press_status.1702
                0x00800147        0x1 SERVICES/PB_Mang.o
 .bss.press_count.1695
                0x00800148        0x1 SERVICES/PB_Mang.o
 .bss.press_status.1694
                0x00800149        0x1 SERVICES/PB_Mang.o
 .bss.press_count.1687
                0x0080014a        0x1 SERVICES/PB_Mang.o
 .bss.press_status.1686
                0x0080014b        0x1 SERVICES/PB_Mang.o
 .bss.press_count.1679
                0x0080014c        0x1 SERVICES/PB_Mang.o
 .bss.press_status.1678
                0x0080014d        0x1 SERVICES/PB_Mang.o
 .bss.SlowFlash_delay.1861
                0x0080014e        0x4 SERVICES/Timer_Mang.o
 .bss.Routine_TickTime_counter.1850
                0x00800152        0x4 SERVICES/Timer_Mang.o
 .bss.Global_TickTime_counter.1849
                0x00800156        0x4 SERVICES/Timer_Mang.o
 .bss.PB_TimeCounter
                0x0080015a        0x4 SERVICES/Timer_Mang.o
                0x0080015a                PB_TimeCounter
 .bss.FlashingSpeed_flag
                0x0080015e        0x4 SERVICES/Timer_Mang.o
                0x0080015e                FlashingSpeed_flag
 *(COMMON)
                0x00800162                PROVIDE (__bss_end, .)
                0x00001086                __data_load_start = LOADADDR (.data)
                0x00001160                __data_load_end = (__data_load_start + SIZEOF (.data))

.noinit         0x00800162        0x0
                [!provide]                PROVIDE (__noinit_start, .)
 *(.noinit*)
                [!provide]                PROVIDE (__noinit_end, .)
                0x00800162                _end = .
                [!provide]                PROVIDE (__heap_start, .)

.eeprom         0x00810000        0x0
 *(.eeprom*)
                0x00810000                __eeprom_end = .

.fuse
 *(.fuse)
 *(.lfuse)
 *(.hfuse)
 *(.efuse)

.lock
 *(.lock*)

.signature
 *(.signature*)

.user_signatures
 *(.user_signatures*)

.stab
 *(.stab)

.stabstr
 *(.stabstr)

.stab.excl
 *(.stab.excl)

.stab.exclstr
 *(.stab.exclstr)

.stab.index
 *(.stab.index)

.stab.indexstr
 *(.stab.indexstr)

.comment        0x00000000       0x30
 *(.comment)
 .comment       0x00000000       0x30 APP/LCD_Mang.o
                                 0x31 (size before relaxing)
 .comment       0x00000030       0x31 APP/Pass_Mang.o
 .comment       0x00000030       0x31 APP/LEDs_Mangment.o
 .comment       0x00000030       0x31 HAL/KeyPad.o
 .comment       0x00000030       0x31 HAL/LCD.o
 .comment       0x00000030       0x31 MCAL/DIO.o
 .comment       0x00000030       0x31 MCAL/DIO_Cfg.o
 .comment       0x00000030       0x31 MCAL/Timers.o
 .comment       0x00000030       0x31 main.o
 .comment       0x00000030       0x31 SERVICES/PB_Mang.o
 .comment       0x00000030       0x31 SERVICES/Timer_Mang.o

.note.gnu.avr.deviceinfo
                0x00000000       0x3c
 .note.gnu.avr.deviceinfo
                0x00000000       0x3c C:/Program Files (x86)/Atmel/Studio/7.0/Packs/atmel/ATmega_DFP/1.7.374/gcc/dev/atmega32/avr5/crtatmega32.o

.note.gnu.build-id
 *(.note.gnu.build-id)

.debug
 *(.debug)

.line
 *(.line)

.debug_srcinfo
 *(.debug_srcinfo)

.debug_sfnames
 *(.debug_sfnames)

.debug_aranges  0x00000000      0x2f0
 *(.debug_aranges)
 .debug_aranges
                0x00000000       0x20 APP/LCD_Mang.o
 .debug_aranges
                0x00000020       0x30 APP/Pass_Mang.o
 .debug_aranges
                0x00000050       0x20 APP/LEDs_Mangment.o
 .debug_aranges
                0x00000070       0x28 HAL/KeyPad.o
 .debug_aranges
                0x00000098       0x78 HAL/LCD.o
 .debug_aranges
                0x00000110       0x48 MCAL/DIO.o
 .debug_aranges
                0x00000158       0x18 MCAL/DIO_Cfg.o
 .debug_aranges
                0x00000170       0xe8 MCAL/Timers.o
 .debug_aranges
                0x00000258       0x20 main.o
 .debug_aranges
                0x00000278       0x40 SERVICES/PB_Mang.o
 .debug_aranges
                0x000002b8       0x38 SERVICES/Timer_Mang.o

.debug_pubnames
 *(.debug_pubnames)

.debug_info     0x00000000     0x3204
 *(.debug_info .gnu.linkonce.wi.*)
 .debug_info    0x00000000      0x4e6 C:/Program Files (x86)/Atmel/Studio/7.0/Packs/atmel/ATmega_DFP/1.7.374/gcc/dev/atmega32/avr5/crtatmega32.o
 .debug_info    0x000004e6      0x2f9 APP/LCD_Mang.o
 .debug_info    0x000007df      0x617 APP/Pass_Mang.o
 .debug_info    0x00000df6      0x21c APP/LEDs_Mangment.o
 .debug_info    0x00001012      0x2b6 HAL/KeyPad.o
 .debug_info    0x000012c8      0xb2a HAL/LCD.o
 .debug_info    0x00001df2      0x39b MCAL/DIO.o
 .debug_info    0x0000218d      0x178 MCAL/DIO_Cfg.o
 .debug_info    0x00002305      0x578 MCAL/Timers.o
 .debug_info    0x0000287d      0x212 main.o
 .debug_info    0x00002a8f      0x3e6 SERVICES/PB_Mang.o
 .debug_info    0x00002e75      0x38f SERVICES/Timer_Mang.o

.debug_abbrev   0x00000000     0x103f
 *(.debug_abbrev)
 .debug_abbrev  0x00000000      0x4a3 C:/Program Files (x86)/Atmel/Studio/7.0/Packs/atmel/ATmega_DFP/1.7.374/gcc/dev/atmega32/avr5/crtatmega32.o
 .debug_abbrev  0x000004a3      0x118 APP/LCD_Mang.o
 .debug_abbrev  0x000005bb      0x166 APP/Pass_Mang.o
 .debug_abbrev  0x00000721       0xe5 APP/LEDs_Mangment.o
 .debug_abbrev  0x00000806      0x103 HAL/KeyPad.o
 .debug_abbrev  0x00000909      0x1be HAL/LCD.o
 .debug_abbrev  0x00000ac7      0x15f MCAL/DIO.o
 .debug_abbrev  0x00000c26       0x6a MCAL/DIO_Cfg.o
 .debug_abbrev  0x00000c90       0xcd MCAL/Timers.o
 .debug_abbrev  0x00000d5d       0x99 main.o
 .debug_abbrev  0x00000df6      0x11b SERVICES/PB_Mang.o
 .debug_abbrev  0x00000f11      0x12e SERVICES/Timer_Mang.o

.debug_line     0x00000000     0x1761
 *(.debug_line .debug_line.* .debug_line_end)
 .debug_line    0x00000000      0x116 C:/Program Files (x86)/Atmel/Studio/7.0/Packs/atmel/ATmega_DFP/1.7.374/gcc/dev/atmega32/avr5/crtatmega32.o
 .debug_line    0x00000116       0xdb APP/LCD_Mang.o
 .debug_line    0x000001f1      0x247 APP/Pass_Mang.o
 .debug_line    0x00000438       0xd0 APP/LEDs_Mangment.o
 .debug_line    0x00000508      0x109 HAL/KeyPad.o
 .debug_line    0x00000611      0x4ad HAL/LCD.o
 .debug_line    0x00000abe      0x31e MCAL/DIO.o
 .debug_line    0x00000ddc       0x42 MCAL/DIO_Cfg.o
 .debug_line    0x00000e1e      0x47e MCAL/Timers.o
 .debug_line    0x0000129c      0x117 main.o
 .debug_line    0x000013b3      0x1f8 SERVICES/PB_Mang.o
 .debug_line    0x000015ab      0x1b6 SERVICES/Timer_Mang.o

.debug_frame    0x00000000      0x6c8
 *(.debug_frame)
 .debug_frame   0x00000000       0x34 APP/LCD_Mang.o
 .debug_frame   0x00000034       0x64 APP/Pass_Mang.o
 .debug_frame   0x00000098       0x34 APP/LEDs_Mangment.o
 .debug_frame   0x000000cc       0x50 HAL/KeyPad.o
 .debug_frame   0x0000011c      0x154 HAL/LCD.o
 .debug_frame   0x00000270       0x7c MCAL/DIO.o
 .debug_frame   0x000002ec      0x2d4 MCAL/Timers.o
 .debug_frame   0x000005c0       0x24 main.o
 .debug_frame   0x000005e4       0x64 SERVICES/PB_Mang.o
 .debug_frame   0x00000648       0x80 SERVICES/Timer_Mang.o

.debug_str      0x00000000      0xdb5
 *(.debug_str)
 .debug_str     0x00000000      0x196 C:/Program Files (x86)/Atmel/Studio/7.0/Packs/atmel/ATmega_DFP/1.7.374/gcc/dev/atmega32/avr5/crtatmega32.o
 .debug_str     0x00000196      0x272 APP/LCD_Mang.o
                                0x29f (size before relaxing)
 .debug_str     0x00000408       0xeb APP/Pass_Mang.o
                                0x25c (size before relaxing)
 .debug_str     0x000004f3       0x49 APP/LEDs_Mangment.o
                                0x2be (size before relaxing)
 .debug_str     0x0000053c       0x4f HAL/KeyPad.o
                                0x283 (size before relaxing)
 .debug_str     0x0000058b       0x7f HAL/LCD.o
                                0x36e (size before relaxing)
 .debug_str     0x0000060a       0xb1 MCAL/DIO.o
                                0x2fd (size before relaxing)
 .debug_str     0x000006bb       0x12 MCAL/DIO_Cfg.o
                                0x264 (size before relaxing)
 .debug_str     0x000006cd      0x5b9 MCAL/Timers.o
                                0x713 (size before relaxing)
 .debug_str     0x00000c86       0x11 main.o
                                0x362 (size before relaxing)
 .debug_str     0x00000c97       0x73 SERVICES/PB_Mang.o
                                0x2dc (size before relaxing)
 .debug_str     0x00000d0a       0xab SERVICES/Timer_Mang.o
                                0x38d (size before relaxing)

.debug_loc      0x00000000     0x1b57
 *(.debug_loc)
 .debug_loc     0x00000000       0x5b APP/LCD_Mang.o
 .debug_loc     0x0000005b      0x245 APP/Pass_Mang.o
 .debug_loc     0x000002a0       0x71 APP/LEDs_Mangment.o
 .debug_loc     0x00000311       0xbf HAL/KeyPad.o
 .debug_loc     0x000003d0      0x87b HAL/LCD.o
 .debug_loc     0x00000c4b      0x7d1 MCAL/DIO.o
 .debug_loc     0x0000141c      0x5dd MCAL/Timers.o
 .debug_loc     0x000019f9       0x21 SERVICES/PB_Mang.o
 .debug_loc     0x00001a1a      0x13d SERVICES/Timer_Mang.o

.debug_macinfo
 *(.debug_macinfo)

.debug_weaknames
 *(.debug_weaknames)

.debug_funcnames
 *(.debug_funcnames)

.debug_typenames
 *(.debug_typenames)

.debug_varnames
 *(.debug_varnames)

.debug_pubtypes
 *(.debug_pubtypes)

.debug_ranges   0x00000000      0x238
 *(.debug_ranges)
 .debug_ranges  0x00000000       0x10 APP/LCD_Mang.o
 .debug_ranges  0x00000010       0x20 APP/Pass_Mang.o
 .debug_ranges  0x00000030       0x10 APP/LEDs_Mangment.o
 .debug_ranges  0x00000040       0x18 HAL/KeyPad.o
 .debug_ranges  0x00000058       0x68 HAL/LCD.o
 .debug_ranges  0x000000c0       0x38 MCAL/DIO.o
 .debug_ranges  0x000000f8       0xd8 MCAL/Timers.o
 .debug_ranges  0x000001d0       0x10 main.o
 .debug_ranges  0x000001e0       0x30 SERVICES/PB_Mang.o
 .debug_ranges  0x00000210       0x28 SERVICES/Timer_Mang.o

.debug_macro
 *(.debug_macro)
OUTPUT(Lightening_Project.elf elf32-avr)
LOAD linker stubs
